<?xml version="1.0" encoding="utf-8"?><testsuite errors="0" failures="0" name="pytest" skips="0" tests="44" time="6.945"><testcase classname="tests.test_httpbin.HttpbinTestCase" file="tests/test_httpbin.py" line="359" name="test_absolute_redirect_n_equals_to_1" time="0.0321478843689"></testcase><testcase classname="tests.test_httpbin.HttpbinTestCase" file="tests/test_httpbin.py" line="353" name="test_absolute_redirect_n_higher_than_1" time="0.00231003761292"></testcase><testcase classname="tests.test_httpbin.HttpbinTestCase" file="tests/test_httpbin.py" line="71" name="test_base64" time="0.00174403190613"></testcase><testcase classname="tests.test_httpbin.HttpbinTestCase" file="tests/test_httpbin.py" line="244" name="test_bytes_with_seed" time="0.00184416770935"></testcase><testcase classname="tests.test_httpbin.HttpbinTestCase" file="tests/test_httpbin.py" line="277" name="test_delete_endpoint_returns_body" time="0.00454592704773"></testcase><testcase classname="tests.test_httpbin.HttpbinTestCase" file="tests/test_httpbin.py" line="180" name="test_digest_auth" time="0.00486779212952"></testcase><testcase classname="tests.test_httpbin.HttpbinTestCase" file="tests/test_httpbin.py" line="165" name="test_digest_auth_with_wrong_password" time="0.00282120704651"></testcase><testcase classname="tests.test_httpbin.HttpbinTestCase" file="tests/test_httpbin.py" line="227" name="test_drip" time="3.49894380569"></testcase><testcase classname="tests.test_httpbin.HttpbinTestCase" file="tests/test_httpbin.py" line="233" name="test_drip_with_custom_code" time="2.50457406044"></testcase><testcase classname="tests.test_httpbin.HttpbinTestCase" file="tests/test_httpbin.py" line="58" name="test_get" time="0.00454306602478"></testcase><testcase classname="tests.test_httpbin.HttpbinTestCase" file="tests/test_httpbin.py" line="239" name="test_get_bytes" time="0.00572204589844"></testcase><testcase classname="tests.test_httpbin.HttpbinTestCase" file="tests/test_httpbin.py" line="161" name="test_gzip" time="0.00268387794495"></testcase><testcase classname="tests.test_httpbin.HttpbinTestCase" file="tests/test_httpbin.py" line="286" name="test_methods__to_status_endpoint" time="0.0130162239075"></testcase><testcase classname="tests.test_httpbin.HttpbinTestCase" file="tests/test_httpbin.py" line="78" name="test_post_binary" time="0.00242710113525"></testcase><testcase classname="tests.test_httpbin.HttpbinTestCase" file="tests/test_httpbin.py" line="89" name="test_post_body_binary" time="0.00295901298523"></testcase><testcase classname="tests.test_httpbin.HttpbinTestCase" file="tests/test_httpbin.py" line="84" name="test_post_body_text" time="0.0244686603546"></testcase><testcase classname="tests.test_httpbin.HttpbinTestCase" file="tests/test_httpbin.py" line="95" name="test_post_body_unicode" time="0.00433993339539"></testcase><testcase classname="tests.test_httpbin.HttpbinTestCase" file="tests/test_httpbin.py" line="99" name="test_post_file_with_missing_content_type_header" time="0.00365924835205"></testcase><testcase classname="tests.test_httpbin.HttpbinTestCase" file="tests/test_httpbin.py" line="327" name="test_redirect_absolute_param_n_higher_than_1" time="0.00242471694946"></testcase><testcase classname="tests.test_httpbin.HttpbinTestCase" file="tests/test_httpbin.py" line="333" name="test_redirect_n_equals_to_1" time="0.00183200836182"></testcase><testcase classname="tests.test_httpbin.HttpbinTestCase" file="tests/test_httpbin.py" line="312" name="test_redirect_n_higher_than_1" time="0.00171899795532"></testcase><testcase classname="tests.test_httpbin.HttpbinTestCase" file="tests/test_httpbin.py" line="318" name="test_redirect_to_post" time="0.00166869163513"></testcase><testcase classname="tests.test_httpbin.HttpbinTestCase" file="tests/test_httpbin.py" line="340" name="test_relative_redirect_n_equals_to_1" time="0.00370001792908"></testcase><testcase classname="tests.test_httpbin.HttpbinTestCase" file="tests/test_httpbin.py" line="346" name="test_relative_redirect_n_higher_than_1" time="0.00312995910645"></testcase><testcase classname="tests.test_httpbin.HttpbinTestCase" file="tests/test_httpbin.py" line="424" name="test_request_out_of_bounds" time="0.00440716743469"></testcase><testcase classname="tests.test_httpbin.HttpbinTestCase" file="tests/test_httpbin.py" line="366" name="test_request_range" time="0.00575590133667"></testcase><testcase classname="tests.test_httpbin.HttpbinTestCase" file="tests/test_httpbin.py" line="391" name="test_request_range_first_15_bytes" time="0.00303292274475"></testcase><testcase classname="tests.test_httpbin.HttpbinTestCase" file="tests/test_httpbin.py" line="402" name="test_request_range_open_ended_last_6_bytes" time="0.00253701210022"></testcase><testcase classname="tests.test_httpbin.HttpbinTestCase" file="tests/test_httpbin.py" line="413" name="test_request_range_suffix" time="0.00208473205566"></testcase><testcase classname="tests.test_httpbin.HttpbinTestCase" file="tests/test_httpbin.py" line="379" name="test_request_range_with_parameters" time="0.242908000946"></testcase><testcase classname="tests.test_httpbin.HttpbinTestCase" file="tests/test_httpbin.py" line="52" name="test_response_headers_multi" time="0.00511312484741"></testcase><testcase classname="tests.test_httpbin.HttpbinTestCase" file="tests/test_httpbin.py" line="46" name="test_response_headers_simple" time="0.00345396995544"></testcase><testcase classname="tests.test_httpbin.HttpbinTestCase" file="tests/test_httpbin.py" line="149" name="test_set_cors_allow_headers" time="0.00247502326965"></testcase><testcase classname="tests.test_httpbin.HttpbinTestCase" file="tests/test_httpbin.py" line="118" name="test_set_cors_credentials_headers_after_auth_request" time="0.00185704231262"></testcase><testcase classname="tests.test_httpbin.HttpbinTestCase" file="tests/test_httpbin.py" line="112" name="test_set_cors_headers_after_request" time="0.00238704681396"></testcase><testcase classname="tests.test_httpbin.HttpbinTestCase" file="tests/test_httpbin.py" line="124" name="test_set_cors_headers_after_request_with_request_origin" time="0.00238561630249"></testcase><testcase classname="tests.test_httpbin.HttpbinTestCase" file="tests/test_httpbin.py" line="130" name="test_set_cors_headers_with_options_verb" time="0.00289177894592"></testcase><testcase classname="tests.test_httpbin.HttpbinTestCase" file="tests/test_httpbin.py" line="258" name="test_stream_bytes" time="0.00628113746643"></testcase><testcase classname="tests.test_httpbin.HttpbinTestCase" file="tests/test_httpbin.py" line="263" name="test_stream_bytes_with_seed" time="0.00190305709839"></testcase><testcase classname="tests.test_httpbin.HttpbinTestCase" file="tests/test_httpbin.py" line="450" name="test_tracking_disabled" time="0.0578103065491"></testcase><testcase classname="tests.test_httpbin.HttpbinTestCase" file="tests/test_httpbin.py" line="457" name="test_tracking_enabled" time="0.0125257968903"></testcase><testcase classname="tests.test_httpbin.HttpbinTestCase" file="tests/test_httpbin.py" line="154" name="test_user_agent" time="0.002445936203"></testcase><testcase classname="tests.test_httpbin.HttpbinTestCase" file="tests/test_httpbin.py" line="306" name="test_x_forwarded_proto" time="0.00310015678406"></testcase><testcase classname="tests.test_httpbin.HttpbinTestCase" file="tests/test_httpbin.py" line="300" name="test_xml_endpoint" time="0.00363492965698"></testcase></testsuite>